%!Adobe-FontList 1.25
%Locale:0x409

%BeginFont
Handler:DirectoryHandler
FontType:Invalid
OutlineFileName:/Users/gianluca/Documents/FONDO PAGINA/Document fonts/AdobeFnt25.lst
FileLength:1110
FileModTime:806512167
%EndFont

%BeginFont
Handler:DirectoryHandler
FontType:TrueType
FontName:AvertaStd-Black
FamilyName:AvertaStd-Black
StyleName:☞
MenuName:AvertaStd-Black
StyleBits:2
WeightClass:400
WidthClass:5
AngleClass:0
FullName:☞AvertaStd-Black
WritingScript:Roman
OutlineFileName:/Users/gianluca/Documents/FONDO PAGINA/Document fonts/AvertaStd-Black.ttf
DataFormat:sfntData
hasSVG:no
hasSBIX:no
hasCOLR:no
VariableFontType:NonVariableFont
FileLength:167524
FileModTime:473622814
NameArray:0,Mac,4,AvertaStd-Black
NameArray:0,Win,1,AvertaStd-Black
%EndFont

%BeginFont
Handler:DirectoryHandler
FontType:TrueType
FontName:AvertaStd-Bold
FamilyName:AvertaStd-Bold
StyleName:☞
MenuName:AvertaStd-Bold
StyleBits:2
WeightClass:400
WidthClass:5
AngleClass:0
FullName:☞AvertaStd-Bold
WritingScript:Roman
OutlineFileName:/Users/gianluca/Documents/FONDO PAGINA/Document fonts/AvertaStd-Bold.ttf
DataFormat:sfntData
hasSVG:no
hasSBIX:no
hasCOLR:no
VariableFontType:NonVariableFont
FileLength:176964
FileModTime:473622812
NameArray:0,Mac,4,AvertaStd-Bold
NameArray:0,Win,1,AvertaStd-Bold
%EndFont

